// Jest Snapshot v1, https://goo.gl/fbAQLP

exports[`parsed data tests should return modified parsed data 1`] = `
Array [
  Object {
    "commentText": "@aleku399 look into why this was causing bars not to show",
    "fileName": "README.md",
    "keyWord": "TODO",
    "lineNumber": 11,
    "url": "http://someurl",
  },
  Object {
    "commentText": "alex testing 1 on the 2s",
    "fileName": "README.md",
    "keyWord": "FIXME",
    "lineNumber": 14,
    "url": "http://someurl",
  },
]
`;
